2025-11-02 02:45:41,799 INFO o.a.j.u.JMeterUtils: Setting Locale to en_EN
2025-11-02 02:45:41,836 INFO o.a.j.JMeter: Loading user properties from: /opt/jmeter/bin/user.properties
2025-11-02 02:45:41,838 INFO o.a.j.JMeter: Loading system properties from: /opt/jmeter/bin/system.properties
2025-11-02 02:45:41,849 INFO o.a.j.JMeter: Copyright (c) 1998-2024 The Apache Software Foundation
2025-11-02 02:45:41,850 INFO o.a.j.JMeter: Version 5.6.3
2025-11-02 02:45:41,850 INFO o.a.j.JMeter: java.version=17.0.16
2025-11-02 02:45:41,851 INFO o.a.j.JMeter: java.vm.name=OpenJDK 64-Bit Server VM
2025-11-02 02:45:41,851 INFO o.a.j.JMeter: os.name=Linux
2025-11-02 02:45:41,852 INFO o.a.j.JMeter: os.arch=amd64
2025-11-02 02:45:41,852 INFO o.a.j.JMeter: os.version=6.6.87.2-microsoft-standard-WSL2
2025-11-02 02:45:41,853 INFO o.a.j.JMeter: file.encoding=UTF-8
2025-11-02 02:45:41,854 INFO o.a.j.JMeter: java.awt.headless=null
2025-11-02 02:45:41,854 INFO o.a.j.JMeter: Max memory     =1073741824
2025-11-02 02:45:41,854 INFO o.a.j.JMeter: Available Processors =4
2025-11-02 02:45:41,868 INFO o.a.j.JMeter: Default Locale=English (EN)
2025-11-02 02:45:41,869 INFO o.a.j.JMeter: JMeter  Locale=English (EN)
2025-11-02 02:45:41,869 INFO o.a.j.JMeter: JMeterHome=/opt/jmeter
2025-11-02 02:45:41,870 INFO o.a.j.JMeter: user.dir  =/mnt/c/Users/Teymur/_projects/kubeblast
2025-11-02 02:45:41,870 INFO o.a.j.JMeter: PWD       =/mnt/c/Users/Teymur/_projects/kubeblast
2025-11-02 02:45:41,871 INFO o.a.j.JMeter: IP: 127.0.1.1 Name: ubuntu FullName: ubuntu.localdomain
